[backblue.gif]
[fade.gif]
[index.html]
[emedia.rmit.edu.au/CHC33015/wp-content/themes/275/js/popper.min68b3.js]
[emedia.rmit.edu.au/CHC33015/index52f0.json]
[emedia.rmit.edu.au/CHC33015/wp-content/themes/275/fssi/js/jquery.min.js]
[emedia.rmit.edu.au/CHC33015/wp-content/themes/275/fssi/js/theme.min.js]
[emedia.rmit.edu.au/CHC33015/wp-content/uploads/2018/11/Ethics-of-care-legislation.jpg]
[emedia.rmit.edu.au/CHC33015/index7239.html]
[emedia.rmit.edu.au/CHC33015/wp-content/plugins/h5p/h5p-php-library/fonts/h5p-core-187e87.eot]
[emedia.rmit.edu.au/CHC33015/wp-content/plugins/h5p/h5p-php-library/fonts/h5p-core-187e87.ttf]
[emedia.rmit.edu.au/CHC33015/wp-content/plugins/h5p/h5p-php-library/fonts/h5p-core-187e87.woff]
[emedia.rmit.edu.au/CHC33015/wp-content/plugins/h5p/h5p-php-library/images/throbber1576.gif]
[emedia.rmit.edu.au/CHC33015/wp-content/plugins/h5p/h5p-php-library/styles/h5pde48.css]
[emedia.rmit.edu.au/CHC33015/index9b78.json]
[emedia.rmit.edu.au/CHC33015/indexa57c.php]
[emedia.rmit.edu.au/CHC33015/wp-content/themes/275/fssi/fonts/TradeGothicLTStd-Cn18.woff]
[emedia.rmit.edu.au/CHC33015/wp-content/themes/275/fssi/fonts/TradeGothicLTPro-BdCn20.woff]
[emedia.rmit.edu.au/CHC33015/wp-content/themes/275/fssi/fonts/open-sans-v15-latin-regular.eot]
[emedia.rmit.edu.au/CHC33015/wp-content/themes/275/fssi/fonts/open-sans-v15-latin-regulard41d.eot]
[emedia.rmit.edu.au/CHC33015/wp-content/themes/275/fssi/fonts/open-sans-v15-latin-regular.woff]
[emedia.rmit.edu.au/CHC33015/wp-content/themes/275/fssi/fonts/open-sans-v15-latin-regular.ttf]
[emedia.rmit.edu.au/CHC33015/wp-content/themes/275/fssi/fonts/open-sans-v15-latin-700.eot]
[emedia.rmit.edu.au/CHC33015/wp-content/themes/275/fssi/fonts/open-sans-v15-latin-700d41d.eot]
[emedia.rmit.edu.au/CHC33015/wp-content/themes/275/fssi/fonts/open-sans-v15-latin-700.woff]
[emedia.rmit.edu.au/CHC33015/wp-content/themes/275/fssi/img/theme/nav_header.png]
[emedia.rmit.edu.au/CHC33015/wp-content/themes/275/fssi/img/theme/logo_banner_lighter.png]
[emedia.rmit.edu.au/CHC33015/wp-content/themes/275/fssi/img/theme/fssi_logo.png]
[emedia.rmit.edu.au/CHC33015/wp-content/themes/275/fssi/img/theme/breadcrumb_banner.png]
[emedia.rmit.edu.au/CHC33015/wp-content/themes/275/fssi/img/theme/flipme_icon.png]
[emedia.rmit.edu.au/CHC33015/wp-content/themes/275/fssi/img/theme/learning_objectives_inverse.png]
[emedia.rmit.edu.au/CHC33015/wp-content/themes/275/fssi/img/theme/learning_objectives.png]
[emedia.rmit.edu.au/CHC33015/wp-content/themes/275/fssi/img/theme/key_activities_inverse.png]
[emedia.rmit.edu.au/CHC33015/wp-content/themes/275/fssi/img/theme/key_activities.png]
[emedia.rmit.edu.au/CHC33015/wp-content/themes/275/fssi/img/theme/assessments_inverse.png]
[emedia.rmit.edu.au/CHC33015/wp-content/themes/275/fssi/img/theme/assessments.png]
[emedia.rmit.edu.au/CHC33015/wp-content/themes/275/fssi/img/theme/vcoss_rmit_logo.png]
[emedia.rmit.edu.au/CHC33015/wp-content/themes/275/fonts/fontawesome-webfont3e6e.eot]
[emedia.rmit.edu.au/CHC33015/wp-content/themes/275/fonts/fontawesome-webfontd41d.eot]
[emedia.rmit.edu.au/CHC33015/wp-content/themes/275/fonts/fontawesome-webfont3e6e.woff]
[emedia.rmit.edu.au/CHC33015/wp-content/themes/275/fonts/fontawesome-webfont3e6e.ttf]
[emedia.rmit.edu.au/CHC33015/wp-content/themes/275/css/fssi.css]
[emedia.rmit.edu.au/CHC33015/wp-content/themes/275/fssi/img/fssi-white.svg]
[emedia.rmit.edu.au/CHC33015/index8b20.html]
[emedia.rmit.edu.au/CHC33015/wp-content/uploads/2019/05/by-nc-nd.svg]
[emedia.rmit.edu.au/CHC33015/wp-content/plugins/h5p/h5p-php-library/fonts/h5p-core-187e87.svg]
[emedia.rmit.edu.au/CHC33015/wp-content/themes/275/fssi/fonts/TradeGothicLTStd-Cn18.html]
[emedia.rmit.edu.au/CHC33015/wp-content/themes/275/fssi/fonts/TradeGothicLTPro-BdCn20.html]
[emedia.rmit.edu.au/CHC33015/wp-content/themes/275/fssi/fonts/open-sans-v15-latin-regular.html]
[emedia.rmit.edu.au/CHC33015/wp-content/themes/275/fssi/fonts/open-sans-v15-latin-regular.svg]
[emedia.rmit.edu.au/CHC33015/wp-content/themes/275/fssi/fonts/open-sans-v15-latin-700.html]
[emedia.rmit.edu.au/CHC33015/wp-content/themes/275/fssi/fonts/open-sans-v15-latin-700.svg]
[emedia.rmit.edu.au/CHC33015/wp-content/themes/275/fonts/fontawesome-webfont3e6e.html]
[emedia.rmit.edu.au/CHC33015/wp-content/themes/275/fonts/fontawesome-webfont3e6e.svg]
[emedia.rmit.edu.au/CHC33015/wp-content/themes/275/css/img/tear.html]
[emedia.rmit.edu.au/CHC33015/index6fea.json]
[emedia.rmit.edu.au/CHC33015/index3c53.php]
[emedia.rmit.edu.au/CHC33015/wp-content/uploads/2019/01/Annecto-155-1024x683.jpg]
[emedia.rmit.edu.au/CHC33015/index5d24.html]
[emedia.rmit.edu.au/CHC33015/wp-content/uploads/2018/12/Working-with-diverse-people-video-4.pdf]
[emedia.rmit.edu.au/CHC33015/wp-content/themes/275/img/learning_activity.png]
[emedia.rmit.edu.au/CHC33015/index3c72.html]
[emedia.rmit.edu.au/CHC33015/index95e3.html]
[emedia.rmit.edu.au/CHC33015/wp-content/uploads/2018/12/Non-discriminatory-01.jpg]
[emedia.rmit.edu.au/CHC33015/wp-content/uploads/2018/12/Accessibility-01.jpg]
[emedia.rmit.edu.au/CHC33015/wp-content/uploads/2018/12/Participatory-01.jpg]
[emedia.rmit.edu.au/CHC33015/wp-content/uploads/2018/12/Accountability-01.jpg]
[emedia.rmit.edu.au/CHC33015/index644a.html]
[emedia.rmit.edu.au/CHC33015/wp-content/themes/275/js/jquery.flip.min.js]
[emedia.rmit.edu.au/CHC33015/index1577.html]
[emedia.rmit.edu.au/CHC33015/indexdce1.html]
[emedia.rmit.edu.au/CHC33015/index522b.html]
[emedia.rmit.edu.au/CHC33015/index180c.json]
[emedia.rmit.edu.au/CHC33015/index398d.php]
[emedia.rmit.edu.au/CHC33015/indexa7b1.json]
[emedia.rmit.edu.au/CHC33015/index4316.php]
[emedia.rmit.edu.au/CHC33015/indexf28b.json]
[emedia.rmit.edu.au/CHC33015/index3894.php]
[emedia.rmit.edu.au/CHC33015/index73d2.json]
[emedia.rmit.edu.au/CHC33015/index703d.php]
[emedia.rmit.edu.au/CHC33015/indexe416.json]
[emedia.rmit.edu.au/CHC33015/indexb6f9.php]
[emedia.rmit.edu.au/CHC33015/indexb4a4.json]
[emedia.rmit.edu.au/CHC33015/index635c.php]
[emedia.rmit.edu.au/CHC33015/index28e6.json]
[emedia.rmit.edu.au/CHC33015/index581a.php]
