[backblue.gif]
[fade.gif]
[index.html]
[emedia.rmit.edu.au/CHC33015/wp-content/themes/275/js/popper.min68b3.js]
[emedia.rmit.edu.au/CHC33015/index52f0.json]
[emedia.rmit.edu.au/CHC33015/wp-content/themes/275/fssi/js/jquery.min.js]
[emedia.rmit.edu.au/CHC33015/wp-content/themes/275/fssi/js/theme.min.js]
[emedia.rmit.edu.au/CHC33015/wp-content/uploads/2018/11/Annecto-113-2.jpg]
[emedia.rmit.edu.au/CHC33015/index4b4d.html]
[emedia.rmit.edu.au/CHC33015/wp-content/plugins/h5p/h5p-php-library/fonts/h5p-core-187e87.eot]
[emedia.rmit.edu.au/CHC33015/wp-content/plugins/h5p/h5p-php-library/fonts/h5p-core-187e87.ttf]
[emedia.rmit.edu.au/CHC33015/wp-content/plugins/h5p/h5p-php-library/fonts/h5p-core-187e87.woff]
[emedia.rmit.edu.au/CHC33015/wp-content/plugins/h5p/h5p-php-library/images/throbber1576.gif]
[emedia.rmit.edu.au/CHC33015/wp-content/plugins/h5p/h5p-php-library/styles/h5pde48.css]
[emedia.rmit.edu.au/CHC33015/index4355.json]
[emedia.rmit.edu.au/CHC33015/indexce42.php]
[emedia.rmit.edu.au/CHC33015/wp-content/themes/275/fssi/fonts/TradeGothicLTStd-Cn18.woff]
[emedia.rmit.edu.au/CHC33015/wp-content/themes/275/fssi/fonts/TradeGothicLTPro-BdCn20.woff]
[emedia.rmit.edu.au/CHC33015/wp-content/themes/275/fssi/fonts/open-sans-v15-latin-regular.eot]
[emedia.rmit.edu.au/CHC33015/wp-content/themes/275/fssi/fonts/open-sans-v15-latin-regulard41d.eot]
[emedia.rmit.edu.au/CHC33015/wp-content/themes/275/fssi/fonts/open-sans-v15-latin-regular.woff]
[emedia.rmit.edu.au/CHC33015/wp-content/themes/275/fssi/fonts/open-sans-v15-latin-regular.ttf]
[emedia.rmit.edu.au/CHC33015/wp-content/themes/275/fssi/fonts/open-sans-v15-latin-700.eot]
[emedia.rmit.edu.au/CHC33015/wp-content/themes/275/fssi/fonts/open-sans-v15-latin-700d41d.eot]
[emedia.rmit.edu.au/CHC33015/wp-content/themes/275/fssi/fonts/open-sans-v15-latin-700.woff]
[emedia.rmit.edu.au/CHC33015/wp-content/themes/275/fssi/img/theme/nav_header.png]
[emedia.rmit.edu.au/CHC33015/wp-content/themes/275/fssi/img/theme/logo_banner_lighter.png]
[emedia.rmit.edu.au/CHC33015/wp-content/themes/275/fssi/img/theme/fssi_logo.png]
[emedia.rmit.edu.au/CHC33015/wp-content/themes/275/fssi/img/theme/breadcrumb_banner.png]
[emedia.rmit.edu.au/CHC33015/wp-content/themes/275/fssi/img/theme/flipme_icon.png]
[emedia.rmit.edu.au/CHC33015/wp-content/themes/275/fssi/img/theme/learning_objectives_inverse.png]
[emedia.rmit.edu.au/CHC33015/wp-content/themes/275/fssi/img/theme/learning_objectives.png]
[emedia.rmit.edu.au/CHC33015/wp-content/themes/275/fssi/img/theme/key_activities_inverse.png]
[emedia.rmit.edu.au/CHC33015/wp-content/themes/275/fssi/img/theme/key_activities.png]
[emedia.rmit.edu.au/CHC33015/wp-content/themes/275/fssi/img/theme/assessments_inverse.png]
[emedia.rmit.edu.au/CHC33015/wp-content/themes/275/fssi/img/theme/assessments.png]
[emedia.rmit.edu.au/CHC33015/wp-content/themes/275/fssi/img/theme/vcoss_rmit_logo.png]
[emedia.rmit.edu.au/CHC33015/wp-content/themes/275/fonts/fontawesome-webfont3e6e.eot]
[emedia.rmit.edu.au/CHC33015/wp-content/themes/275/fonts/fontawesome-webfontd41d.eot]
[emedia.rmit.edu.au/CHC33015/wp-content/themes/275/fonts/fontawesome-webfont3e6e.woff]
[emedia.rmit.edu.au/CHC33015/wp-content/themes/275/fonts/fontawesome-webfont3e6e.ttf]
[emedia.rmit.edu.au/CHC33015/wp-content/themes/275/css/fssi.css]
[emedia.rmit.edu.au/CHC33015/wp-content/themes/275/fssi/img/fssi-white.svg]
[emedia.rmit.edu.au/CHC33015/index9b23.html]
[emedia.rmit.edu.au/CHC33015/wp-content/uploads/2019/05/by-nc-nd.svg]
[emedia.rmit.edu.au/CHC33015/wp-content/plugins/h5p/h5p-php-library/fonts/h5p-core-187e87.svg]
[emedia.rmit.edu.au/CHC33015/wp-content/themes/275/fssi/fonts/TradeGothicLTStd-Cn18.html]
[emedia.rmit.edu.au/CHC33015/wp-content/themes/275/fssi/fonts/TradeGothicLTPro-BdCn20.html]
[emedia.rmit.edu.au/CHC33015/wp-content/themes/275/fssi/fonts/open-sans-v15-latin-regular.html]
[emedia.rmit.edu.au/CHC33015/wp-content/themes/275/fssi/fonts/open-sans-v15-latin-regular.svg]
[emedia.rmit.edu.au/CHC33015/wp-content/themes/275/fssi/fonts/open-sans-v15-latin-700.html]
[emedia.rmit.edu.au/CHC33015/wp-content/themes/275/fssi/fonts/open-sans-v15-latin-700.svg]
[emedia.rmit.edu.au/CHC33015/wp-content/themes/275/fonts/fontawesome-webfont3e6e.html]
[emedia.rmit.edu.au/CHC33015/wp-content/themes/275/fonts/fontawesome-webfont3e6e.svg]
[emedia.rmit.edu.au/CHC33015/wp-content/themes/275/css/img/tear.html]
[emedia.rmit.edu.au/CHC33015/index4108.json]
[emedia.rmit.edu.au/CHC33015/indexadb3.php]
[emedia.rmit.edu.au/CHC33015/index0d9f.html]
[emedia.rmit.edu.au/CHC33015/wp-content/uploads/2019/02/Ethics-of-care-Video_1.pdf]
[emedia.rmit.edu.au/CHC33015/wp-content/themes/275/img/learning_activity.png]
[emedia.rmit.edu.au/CHC33015/index0e52.html]
[emedia.rmit.edu.au/CHC33015/wp-content/themes/275/js/jquery.flip.min.js]
[emedia.rmit.edu.au/CHC33015/wp-content/uploads/2018/09/Attentiveness_-card-02-2-e1542929858350.png]
[emedia.rmit.edu.au/CHC33015/wp-content/uploads/2018/09/Attentiveness_-card-01-2-e1542929903606.png]
[emedia.rmit.edu.au/CHC33015/indexcc44.html]
[emedia.rmit.edu.au/CHC33015/wp-content/uploads/2018/09/Responsibility-filp-card-1-front-1-e1542930099999.png]
[emedia.rmit.edu.au/CHC33015/wp-content/uploads/2018/09/Responsibility-filp-card-2-Front-1-e1542930126476.png]
[emedia.rmit.edu.au/CHC33015/indexefd3.html]
[emedia.rmit.edu.au/CHC33015/wp-content/uploads/2018/09/Competence-card-01-2.png]
[emedia.rmit.edu.au/CHC33015/wp-content/uploads/2018/09/Competence-card-02-1.png]
[emedia.rmit.edu.au/CHC33015/indexad36.html]
[emedia.rmit.edu.au/CHC33015/wp-content/uploads/2018/09/Responsiveness_card-01-1-e1542930325531.png]
[emedia.rmit.edu.au/CHC33015/wp-content/uploads/2018/09/Responsiveness_card-02-2-e1542930226494.png]
[emedia.rmit.edu.au/CHC33015/indexd09f.html]
[emedia.rmit.edu.au/CHC33015/wp-content/uploads/2018/09/Trust-card-01-1.png]
[emedia.rmit.edu.au/CHC33015/wp-content/uploads/2018/09/Trust-card-02-1-1.png]
[emedia.rmit.edu.au/CHC33015/indexfde3.html]
[emedia.rmit.edu.au/CHC33015/wp-content/uploads/2018/09/Respect-card-01.png]
[emedia.rmit.edu.au/CHC33015/wp-content/uploads/2018/09/Respect-card-02-1-1.png]
[emedia.rmit.edu.au/CHC33015/index4a8d.html]
[emedia.rmit.edu.au/CHC33015/wp-content/uploads/2018/09/Actuality_card-01-2.png]
[emedia.rmit.edu.au/CHC33015/wp-content/uploads/2018/09/Actuality_card-02-2.png]
[emedia.rmit.edu.au/CHC33015/index870a.html]
[emedia.rmit.edu.au/CHC33015/wp-content/uploads/2018/09/Recognition-of-selfhood_Card-01-2.png]
[emedia.rmit.edu.au/CHC33015/wp-content/uploads/2018/09/Recognition-of-selfhood_Card-02-1.png]
[emedia.rmit.edu.au/CHC33015/index4464.html]
[emedia.rmit.edu.au/CHC33015/wp-content/uploads/2018/09/Recognition-of-loss_-card-01-1.png]
[emedia.rmit.edu.au/CHC33015/wp-content/uploads/2018/09/Recognition-of-loss_-card-02-2-e1542867507666.png]
[emedia.rmit.edu.au/CHC33015/index21cf.html]
[emedia.rmit.edu.au/CHC33015/indexa0e0.html]
[emedia.rmit.edu.au/CHC33015/indexdc51.json]
[emedia.rmit.edu.au/CHC33015/index3ef3.php]
[emedia.rmit.edu.au/CHC33015/index7472.json]
[emedia.rmit.edu.au/CHC33015/indexd8a1.php]
[emedia.rmit.edu.au/CHC33015/index9d1c.json]
[emedia.rmit.edu.au/CHC33015/index57bd.php]
[emedia.rmit.edu.au/CHC33015/index7bcf.json]
[emedia.rmit.edu.au/CHC33015/index0064.php]
[emedia.rmit.edu.au/CHC33015/index71e8.json]
[emedia.rmit.edu.au/CHC33015/indexf5bd.php]
[emedia.rmit.edu.au/CHC33015/indexec67.json]
[emedia.rmit.edu.au/CHC33015/index6b77.php]
[emedia.rmit.edu.au/CHC33015/index92b0.json]
[emedia.rmit.edu.au/CHC33015/index629e.php]
[emedia.rmit.edu.au/CHC33015/index1530.json]
[emedia.rmit.edu.au/CHC33015/index0cb8.php]
[emedia.rmit.edu.au/CHC33015/index67c0.json]
[emedia.rmit.edu.au/CHC33015/indexeacb.php]
[emedia.rmit.edu.au/CHC33015/index7752.json]
[emedia.rmit.edu.au/CHC33015/index7097.php]
[emedia.rmit.edu.au/CHC33015/indexdabb.json]
[emedia.rmit.edu.au/CHC33015/index7f17.php]
[emedia.rmit.edu.au/CHC33015/index5734.json]
[emedia.rmit.edu.au/CHC33015/indexcd54.php]
